--------------------------------------------------------------------------------
Release 14.2 Trace  (nt64)
Copyright (c) 1995-2012 Xilinx, Inc.  All rights reserved.

C:\Xilinx\14.2\ISE_DS\ISE\bin\nt64\unwrapped\trce.exe -intstyle ise -v 3 -s 4
-n 3 -fastpaths -xml fourgate.twx fourgate.ncd -o fourgate.twr fourgate.pcf
-ucf fourbe.ucf

Design file:              fourgate.ncd
Physical constraint file: fourgate.pcf
Device,package,speed:     xc3s200,pq208,-4 (PRODUCTION 1.39 2012-07-09)
Report level:             verbose report

Environment Variable      Effect 
--------------------      ------ 
NONE                      No environment variables were set
--------------------------------------------------------------------------------

INFO:Timing:2698 - No timing constraints found, doing default enumeration.
INFO:Timing:3412 - To improve timing, see the Timing Closure User Guide (UG612).
INFO:Timing:2752 - To get complete path coverage, use the unconstrained paths 
   option. All paths that are not constrained will be reported in the 
   unconstrained paths section(s) of the report.
INFO:Timing:3339 - The clock-to-out numbers in this timing report are based on 
   a 50 Ohm transmission line loading model.  For the details of this model, 
   and for more information on accounting for different loading conditions, 
   please see the device datasheet.
INFO:Timing:3390 - This architecture does not support a default System Jitter 
   value, please add SYSTEM_JITTER constraint to the UCF to modify the Clock 
   Uncertainty calculation.
INFO:Timing:3389 - This architecture does not support 'Discrete Jitter' and 
   'Phase Error' calculations, these terms will be zero in the Clock 
   Uncertainty calculation.  Please make appropriate modification to 
   SYSTEM_JITTER to account for the unsupported Discrete Jitter and Phase 
   Error.



Data Sheet report:
-----------------
All values displayed in nanoseconds (ns)

Pad to Pad
---------------+---------------+---------+
Source Pad     |Destination Pad|  Delay  |
---------------+---------------+---------+
a<0>           |cout           |   11.402|
a<0>           |sum<0>         |   10.131|
a<0>           |sum<1>         |   10.850|
a<0>           |sum<2>         |   11.282|
a<0>           |sum<3>         |   11.816|
a<1>           |cout           |   11.666|
a<1>           |sum<1>         |   10.670|
a<1>           |sum<2>         |   11.546|
a<1>           |sum<3>         |   12.080|
a<2>           |cout           |   11.932|
a<2>           |sum<2>         |   10.975|
a<2>           |sum<3>         |   12.129|
a<3>           |cout           |   11.738|
a<3>           |sum<3>         |   11.491|
b<0>           |cout           |   11.748|
b<0>           |sum<0>         |   10.477|
b<0>           |sum<1>         |   11.196|
b<0>           |sum<2>         |   11.628|
b<0>           |sum<3>         |   12.162|
b<1>           |cout           |   11.603|
b<1>           |sum<1>         |   10.607|
b<1>           |sum<2>         |   11.483|
b<1>           |sum<3>         |   12.017|
b<2>           |cout           |   11.399|
b<2>           |sum<2>         |   10.442|
b<2>           |sum<3>         |   11.596|
b<3>           |cout           |   11.397|
b<3>           |sum<3>         |   11.150|
cin            |cout           |   12.591|
cin            |sum<0>         |   11.940|
cin            |sum<1>         |   12.039|
cin            |sum<2>         |   12.471|
cin            |sum<3>         |   13.005|
---------------+---------------+---------+


Analysis completed Sat Sep 27 18:46:00 2014 
--------------------------------------------------------------------------------

Trace Settings:
-------------------------
Trace Settings 

Peak Memory Usage: 137 MB



